DXP Startup Finished At 01:04:00 on 23.01.2026
-------------------------------------------------------
T+: 32         32         Starting Project Manager ...
T+: 1281       1313       Starting Project Manager ...
T+: 31         1344       Starting Project Manager ...
T+: 47         1391       Adding View: Projects
T+: 0          1391       Adding View: Messages
T+: 0          1391       Adding View: Navigator
T+: 0          1391       Adding View: Differences
T+: 0          1391       Adding View: Output
T+: 141        1532       Starting Mixed Mode Simulation Server ...
T+: 1718       3250       Starting Altimade ...
T+: 9078       12328      Starting Supply Chain ...
T+: 8891       21219      Starting Pins Panel ...
T+: 109        21328      Starting Altium Portal Cache ...
T+: 32         21360      Starting Altium Collaborate And Merge ...
T+: 203        21563      Starting Altium Comments ...
T+: 3922       25485      Adding View: Comments
T+: 47         25532      Starting Altium Design Reuse ...
T+: 359        25891      Adding View: Design Reuse
T+: 31         25922      Starting Electronic Design Data ...
T+: 656        26578      Starting VaultExplorer ...
T+: 2860       29438      Starting Manufacturer Part search ...
T+: 2703       32141      Adding View: Manufacturer Part Search
T+: 31         32172      Adding View: Explorer
T+: 235        32407      Starting EDMS Interface ...
T+: 687        33094      Starting Extension Manager ...
T+: 813        33907      Starting Help Advisor ...
T+: 234        34141      Starting Integrated Library Server ...
T+: 516        34657      Starting InteractiveProperties ...
T+: 2390       37047      Starting Tracks personalized actions. ...
T+: 188        37235      Starting Product Improvement Program Extension ...
T+: 906        38141      Starting Schematic Editor ...
T+: 8391       46532      Adding View: SCH List
T+: 156        46688      Adding View: SCH Filter
T+: 0          46688      Adding View: SCHLIB List
T+: 47         46735      Adding View: SCHLIB Filter
T+: 1547       48282      Starting Script Editor ...
T+: 562        48844      Starting Variant Manager ...
T+: 891        49735      Starting Version Control Support ...
T+: 1859       51594      Adding View: Storage Manager
T+: 31         51625      Starting Web Application Host ...
T+: 547        52172      Starting Altium Workflow ...
T+: 2063       54235      Adding View: Tasklist
T+: 281        54516      Opening last workspace
T+: 875        55391      Starting GUI manager
T+: 406        55797      Loading Document Ebrar_bldc_devresi_V2 (3).PcbDoc.htm
T+: 172        55969      Loading Document Sheet1 (3).SchDoc
T+: 4516       60485      Starting PCB Editor ...
T+: 4172       64657      Starting CoDesigner Panel Collaboration Module ...
T+: 890        65547      Adding View: MCAD CoDesigner
T+: 47         65594      Loading Document Ebrar_bldc_devresi_V2 (3).PcbDoc
T+: 9234       74828      Starting Layer Stack Manager ...
